  ╨₧╨┐╤Ç╨╡╨┤╨╡╨╗╨╡╨╜╨╕╨╡ ╨┐╤Ç╨╛╨╡╨║╤é╨╛╨▓ ╨┤╨╗╤Å ╨▓╨╛╤ü╤ü╤é╨░╨╜╨╛╨▓╨╗╨╡╨╜╨╕╤Å...
  ╨Æ╤ü╨╡ ╨┐╤Ç╨╛╨╡╨║╤é╤ï ╨╛╨▒╨╜╨╛╨▓╨╗╨╡╨╜╤ï ╨┤╨╗╤Å ╨▓╨╛╤ü╤ü╤é╨░╨╜╨╛╨▓╨╗╨╡╨╜╨╕╤Å.
  DistributedProtocolTests -> C:\Users\mikedell\Documents\Projects\BitcoinFinder\DistributedProtocolTests\bin\Debug\net8.0\DistributedProtocolTests.dll
C:\Users\mikedell\Documents\Projects\BitcoinFinder\AgentTaskExecutor.cs(137,65): warning CS4014: ╨ƒ╨╛╤ü╨║╨╛╨╗╤î╨║╤â ╤ì╤é╨╛╤é ╨▓╤ï╨╖╨╛╨▓ ╨╜╨╡ ╨╛╨╢╨╕╨┤╨░╨╡╤é╤ü╤Å, ╨▓╤ï╨┐╨╛╨╗╨╜╨╡╨╜╨╕╨╡ ╤é╨╡╨║╤â╤ë╨╡╨│╨╛ ╨╝╨╡╤é╨╛╨┤╨░ ╨┐╤Ç╨╛╨┤╨╛╨╗╨╢╨░╨╡╤é╤ü╤Å ╨┤╨╛ ╨╖╨░╨▓╨╡╤Ç╤ê╨╡╨╜╨╕╤Å ╨▓╤ï╨╖╨╛╨▓╨░. ╨ƒ╨╛╨┐╤Ç╨╛╨▒╤â╨╣╤é╨╡ ╨┐╤Ç╨╕╨╝╨╡╨╜╨╕╤é╤î ╨╛╨┐╨╡╤Ç╨░╤é╨╛╤Ç await ╨║ ╤Ç╨╡╨╖╤â╨╗╤î╤é╨░╤é╤â ╨▓╤ï╨╖╨╛╨▓╨░. [C:\Users\mikedell\Documents\Projects\BitcoinFinder\BitcoinFinder.csproj]
C:\Users\mikedell\Documents\Projects\BitcoinFinder\Program.cs(866,64): warning CS8625: ╨¢╨╕╤é╨╡╤Ç╨░╨╗, ╤Ç╨░╨▓╨╜╤ï╨╣ NULL, ╨╜╨╡ ╨╝╨╛╨╢╨╡╤é ╨▒╤ï╤é╤î ╨┐╤Ç╨╡╨╛╨▒╤Ç╨░╨╖╨╛╨▓╨░╨╜ ╨▓ ╤ü╤ü╤ï╨╗╨╛╤ç╨╜╤ï╨╣ ╤é╨╕╨┐, ╨╜╨╡ ╨┤╨╛╨┐╤â╤ü╨║╨░╤Ä╤ë╨╕╨╣ ╨╖╨╜╨░╤ç╨╡╨╜╨╕╨╡ NULL. [C:\Users\mikedell\Documents\Projects\BitcoinFinder\BitcoinFinder.csproj]
C:\Users\mikedell\Documents\Projects\BitcoinFinder\AdvancedSeedPhraseFinder.cs(384,21): warning CS1717: ╨ƒ╤Ç╨╛╨▓╨╡╨┤╨╡╨╜╨╛ ╨┐╤Ç╨╕╤ü╨▓╨╛╨╡╨╜╨╕╨╡ ╤é╨╛╨╣ ╨╢╨╡ ╨┐╨╡╤Ç╨╡╨╝╨╡╨╜╨╜╨╛╨╣; ╨┤╨╡╨╣╤ü╤é╨▓╨╕╤é╨╡╨╗╤î╨╜╨╛ ╨▓╤ï╨┐╨╛╨╗╨╜╨╕╤é╤î ╤é╨░╨║╨╛╨╡ ╨╜╨░╨╖╨╜╨░╤ç╨╡╨╜╨╕╨╡, ╨░ ╨╜╨╡ ╨╕╨╜╨╛╨╡? [C:\Users\mikedell\Documents\Projects\BitcoinFinder\BitcoinFinder.csproj]
C:\Users\mikedell\Documents\Projects\BitcoinFinder\AdvancedSeedPhraseFinder.cs(392,17): warning CS1717: ╨ƒ╤Ç╨╛╨▓╨╡╨┤╨╡╨╜╨╛ ╨┐╤Ç╨╕╤ü╨▓╨╛╨╡╨╜╨╕╨╡ ╤é╨╛╨╣ ╨╢╨╡ ╨┐╨╡╤Ç╨╡╨╝╨╡╨╜╨╜╨╛╨╣; ╨┤╨╡╨╣╤ü╤é╨▓╨╕╤é╨╡╨╗╤î╨╜╨╛ ╨▓╤ï╨┐╨╛╨╗╨╜╨╕╤é╤î ╤é╨░╨║╨╛╨╡ ╨╜╨░╨╖╨╜╨░╤ç╨╡╨╜╨╕╨╡, ╨░ ╨╜╨╡ ╨╕╨╜╨╛╨╡? [C:\Users\mikedell\Documents\Projects\BitcoinFinder\BitcoinFinder.csproj]
C:\Users\mikedell\Documents\Projects\BitcoinFinder\AdvancedSeedPhraseFinder.cs(489,21): warning CS1717: ╨ƒ╤Ç╨╛╨▓╨╡╨┤╨╡╨╜╨╛ ╨┐╤Ç╨╕╤ü╨▓╨╛╨╡╨╜╨╕╨╡ ╤é╨╛╨╣ ╨╢╨╡ ╨┐╨╡╤Ç╨╡╨╝╨╡╨╜╨╜╨╛╨╣; ╨┤╨╡╨╣╤ü╤é╨▓╨╕╤é╨╡╨╗╤î╨╜╨╛ ╨▓╤ï╨┐╨╛╨╗╨╜╨╕╤é╤î ╤é╨░╨║╨╛╨╡ ╨╜╨░╨╖╨╜╨░╤ç╨╡╨╜╨╕╨╡, ╨░ ╨╜╨╡ ╨╕╨╜╨╛╨╡? [C:\Users\mikedell\Documents\Projects\BitcoinFinder\BitcoinFinder.csproj]
C:\Users\mikedell\Documents\Projects\BitcoinFinder\AdvancedSeedPhraseFinder.cs(497,17): warning CS1717: ╨ƒ╤Ç╨╛╨▓╨╡╨┤╨╡╨╜╨╛ ╨┐╤Ç╨╕╤ü╨▓╨╛╨╡╨╜╨╕╨╡ ╤é╨╛╨╣ ╨╢╨╡ ╨┐╨╡╤Ç╨╡╨╝╨╡╨╜╨╜╨╛╨╣; ╨┤╨╡╨╣╤ü╤é╨▓╨╕╤é╨╡╨╗╤î╨╜╨╛ ╨▓╤ï╨┐╨╛╨╗╨╜╨╕╤é╤î ╤é╨░╨║╨╛╨╡ ╨╜╨░╨╖╨╜╨░╤ç╨╡╨╜╨╕╨╡, ╨░ ╨╜╨╡ ╨╕╨╜╨╛╨╡? [C:\Users\mikedell\Documents\Projects\BitcoinFinder\BitcoinFinder.csproj]
C:\Users\mikedell\Documents\Projects\BitcoinFinder\AdvancedSeedPhraseFinder.cs(606,39): error CS0266: ╨¥╨╡ ╤â╨┤╨░╨╡╤é╤ü╤Å ╨╜╨╡╤Å╨▓╨╜╨╛ ╨┐╤Ç╨╡╨╛╨▒╤Ç╨░╨╖╨╛╨▓╨░╤é╤î ╤é╨╕╨┐ "System.Numerics.BigInteger" ╨▓ "long". ╨í╤â╤ë╨╡╤ü╤é╨▓╤â╨╡╤é ╤Å╨▓╨╜╨╛╨╡ ╨┐╤Ç╨╡╨╛╨▒╤Ç╨░╨╖╨╛╨▓╨░╨╜╨╕╨╡ (╨▓╨╛╨╖╨╝╨╛╨╢╨╜╨╛, ╨┐╤Ç╨╛╨┐╤â╤ë╨╡╨╜╨╛ ╨┐╤Ç╨╕╨▓╨╡╨┤╨╡╨╜╨╕╨╡ ╤é╨╕╨┐╨╛╨▓). [C:\Users\mikedell\Documents\Projects\BitcoinFinder\BitcoinFinder.csproj]
C:\Users\mikedell\Documents\Projects\BitcoinFinder\AdvancedSeedPhraseFinder.cs(607,37): error CS0266: ╨¥╨╡ ╤â╨┤╨░╨╡╤é╤ü╤Å ╨╜╨╡╤Å╨▓╨╜╨╛ ╨┐╤Ç╨╡╨╛╨▒╤Ç╨░╨╖╨╛╨▓╨░╤é╤î ╤é╨╕╨┐ "System.Numerics.BigInteger" ╨▓ "long". ╨í╤â╤ë╨╡╤ü╤é╨▓╤â╨╡╤é ╤Å╨▓╨╜╨╛╨╡ ╨┐╤Ç╨╡╨╛╨▒╤Ç╨░╨╖╨╛╨▓╨░╨╜╨╕╨╡ (╨▓╨╛╨╖╨╝╨╛╨╢╨╜╨╛, ╨┐╤Ç╨╛╨┐╤â╤ë╨╡╨╜╨╛ ╨┐╤Ç╨╕╨▓╨╡╨┤╨╡╨╜╨╕╨╡ ╤é╨╕╨┐╨╛╨▓). [C:\Users\mikedell\Documents\Projects\BitcoinFinder\BitcoinFinder.csproj]
C:\Users\mikedell\Documents\Projects\BitcoinFinder\AdvancedSeedPhraseFinder.cs(611,41): error CS0029: ╨¥╨╡ ╤â╨┤╨░╨╡╤é╤ü╤Å ╨╜╨╡╤Å╨▓╨╜╨╛ ╨┐╤Ç╨╡╨╛╨▒╤Ç╨░╨╖╨╛╨▓╨░╤é╤î ╤é╨╕╨┐ "System.TimeSpan" ╨▓ "long". [C:\Users\mikedell\Documents\Projects\BitcoinFinder\BitcoinFinder.csproj]
C:\Users\mikedell\Documents\Projects\BitcoinFinder\Form1.cs(827,24): error CS1061: "DistributedAgentClient" ╨╜╨╡ ╤ü╨╛╨┤╨╡╤Ç╨╢╨╕╤é ╨╛╨┐╤Ç╨╡╨┤╨╡╨╗╨╡╨╜╨╕╤Å "OnTaskCompleted", ╨╕ ╨╜╨╡ ╤â╨┤╨░╨╗╨╛╤ü╤î ╨╜╨░╨╣╤é╨╕ ╨┤╨╛╤ü╤é╤â╨┐╨╜╤ï╨╣ ╨╝╨╡╤é╨╛╨┤ ╤Ç╨░╤ü╤ê╨╕╤Ç╨╡╨╜╨╕╤Å "OnTaskCompleted", ╨┐╤Ç╨╕╨╜╨╕╨╝╨░╤Ä╤ë╨╕╨╣ ╤é╨╕╨┐ "DistributedAgentClient" ╨▓ ╨║╨░╤ç╨╡╤ü╤é╨▓╨╡ ╨┐╨╡╤Ç╨▓╨╛╨│╨╛ ╨░╤Ç╨│╤â╨╝╨╡╨╜╤é╨░ (╨▓╨╛╨╖╨╝╨╛╨╢╨╜╨╛, ╨┐╤Ç╨╛╨┐╤â╤ë╨╡╨╜╨░ ╨┤╨╕╤Ç╨╡╨║╤é╨╕╨▓╨░ using ╨╕╨╗╨╕ ╤ü╤ü╤ï╨╗╨║╨░ ╨╜╨░ ╤ü╨▒╨╛╤Ç╨║╤â). [C:\Users\mikedell\Documents\Projects\BitcoinFinder\BitcoinFinder.csproj]
C:\Users\mikedell\Documents\Projects\BitcoinFinder\Form1.cs(838,30): error CS1061: "DistributedAgentClient" ╨╜╨╡ ╤ü╨╛╨┤╨╡╤Ç╨╢╨╕╤é ╨╛╨┐╤Ç╨╡╨┤╨╡╨╗╨╡╨╜╨╕╤Å "ConnectAndStartWorkAsync", ╨╕ ╨╜╨╡ ╤â╨┤╨░╨╗╨╛╤ü╤î ╨╜╨░╨╣╤é╨╕ ╨┤╨╛╤ü╤é╤â╨┐╨╜╤ï╨╣ ╨╝╨╡╤é╨╛╨┤ ╤Ç╨░╤ü╤ê╨╕╤Ç╨╡╨╜╨╕╤Å "ConnectAndStartWorkAsync", ╨┐╤Ç╨╕╨╜╨╕╨╝╨░╤Ä╤ë╨╕╨╣ ╤é╨╕╨┐ "DistributedAgentClient" ╨▓ ╨║╨░╤ç╨╡╤ü╤é╨▓╨╡ ╨┐╨╡╤Ç╨▓╨╛╨│╨╛ ╨░╤Ç╨│╤â╨╝╨╡╨╜╤é╨░ (╨▓╨╛╨╖╨╝╨╛╨╢╨╜╨╛, ╨┐╤Ç╨╛╨┐╤â╤ë╨╡╨╜╨░ ╨┤╨╕╤Ç╨╡╨║╤é╨╕╨▓╨░ using ╨╕╨╗╨╕ ╤ü╤ü╤ï╨╗╨║╨░ ╨╜╨░ ╤ü╨▒╨╛╤Ç╨║╤â). [C:\Users\mikedell\Documents\Projects\BitcoinFinder\BitcoinFinder.csproj]
C:\Users\mikedell\Documents\Projects\BitcoinFinder\GpuSeedPhrasePlugin.cs(343,66): warning CS1998: ╨Æ ╨┤╨░╨╜╨╜╨╛╨╝ ╨░╤ü╨╕╨╜╤à╤Ç╨╛╨╜╨╜╨╛╨╝ ╨╝╨╡╤é╨╛╨┤╨╡ ╨╛╤é╤ü╤â╤é╤ü╤é╨▓╤â╤Ä╤é ╨╛╨┐╨╡╤Ç╨░╤é╨╛╤Ç╤ï await, ╨┐╨╛╤ì╤é╨╛╨╝╤â ╨╝╨╡╤é╨╛╨┤ ╨▒╤â╨┤╨╡╤é ╨▓╤ï╨┐╨╛╨╗╨╜╤Å╤é╤î╤ü╤Å ╤ü╨╕╨╜╤à╤Ç╨╛╨╜╨╜╨╛. ╨Æ╨╛╤ü╨┐╨╛╨╗╤î╨╖╤â╨╣╤é╨╡╤ü╤î ╨╛╨┐╨╡╤Ç╨░╤é╨╛╤Ç╨╛╨╝ await ╨┤╨╗╤Å ╨╛╨╢╨╕╨┤╨░╨╜╨╕╤Å ╨╜╨╡╨▒╨╗╨╛╨║╨╕╤Ç╤â╤Ä╤ë╨╕╤à ╨▓╤ï╨╖╨╛╨▓╨╛╨▓ API ╨╕╨╗╨╕ ╨╛╨┐╨╡╤Ç╨░╤é╨╛╤Ç╨╛╨╝ await Task.Run(...) ╨┤╨╗╤Å ╨▓╤ï╨┐╨╛╨╗╨╜╨╡╨╜╨╕╤Å ╤ü╨▓╤Å╨╖╨░╨╜╨╜╤ï╤à ╤ü ╨ª╨ƒ ╨╖╨░╨┤╨░╨╜╨╕╨╣ ╨▓ ╤ä╨╛╨╜╨╛╨▓╨╛╨╝ ╨┐╨╛╤é╨╛╨║╨╡. [C:\Users\mikedell\Documents\Projects\BitcoinFinder\BitcoinFinder.csproj]
C:\Users\mikedell\Documents\Projects\BitcoinFinder\ServerForm.cs(315,28): warning CS1998: ╨Æ ╨┤╨░╨╜╨╜╨╛╨╝ ╨░╤ü╨╕╨╜╤à╤Ç╨╛╨╜╨╜╨╛╨╝ ╨╝╨╡╤é╨╛╨┤╨╡ ╨╛╤é╤ü╤â╤é╤ü╤é╨▓╤â╤Ä╤é ╨╛╨┐╨╡╤Ç╨░╤é╨╛╤Ç╤ï await, ╨┐╨╛╤ì╤é╨╛╨╝╤â ╨╝╨╡╤é╨╛╨┤ ╨▒╤â╨┤╨╡╤é ╨▓╤ï╨┐╨╛╨╗╨╜╤Å╤é╤î╤ü╤Å ╤ü╨╕╨╜╤à╤Ç╨╛╨╜╨╜╨╛. ╨Æ╨╛╤ü╨┐╨╛╨╗╤î╨╖╤â╨╣╤é╨╡╤ü╤î ╨╛╨┐╨╡╤Ç╨░╤é╨╛╤Ç╨╛╨╝ await ╨┤╨╗╤Å ╨╛╨╢╨╕╨┤╨░╨╜╨╕╤Å ╨╜╨╡╨▒╨╗╨╛╨║╨╕╤Ç╤â╤Ä╤ë╨╕╤à ╨▓╤ï╨╖╨╛╨▓╨╛╨▓ API ╨╕╨╗╨╕ ╨╛╨┐╨╡╤Ç╨░╤é╨╛╤Ç╨╛╨╝ await Task.Run(...) ╨┤╨╗╤Å ╨▓╤ï╨┐╨╛╨╗╨╜╨╡╨╜╨╕╤Å ╤ü╨▓╤Å╨╖╨░╨╜╨╜╤ï╤à ╤ü ╨ª╨ƒ ╨╖╨░╨┤╨░╨╜╨╕╨╣ ╨▓ ╤ä╨╛╨╜╨╛╨▓╨╛╨╝ ╨┐╨╛╤é╨╛╨║╨╡. [C:\Users\mikedell\Documents\Projects\BitcoinFinder\BitcoinFinder.csproj]
C:\Users\mikedell\Documents\Projects\BitcoinFinder\Program.cs(723,35): warning CS1998: ╨Æ ╨┤╨░╨╜╨╜╨╛╨╝ ╨░╤ü╨╕╨╜╤à╤Ç╨╛╨╜╨╜╨╛╨╝ ╨╝╨╡╤é╨╛╨┤╨╡ ╨╛╤é╤ü╤â╤é╤ü╤é╨▓╤â╤Ä╤é ╨╛╨┐╨╡╤Ç╨░╤é╨╛╤Ç╤ï await, ╨┐╨╛╤ì╤é╨╛╨╝╤â ╨╝╨╡╤é╨╛╨┤ ╨▒╤â╨┤╨╡╤é ╨▓╤ï╨┐╨╛╨╗╨╜╤Å╤é╤î╤ü╤Å ╤ü╨╕╨╜╤à╤Ç╨╛╨╜╨╜╨╛. ╨Æ╨╛╤ü╨┐╨╛╨╗╤î╨╖╤â╨╣╤é╨╡╤ü╤î ╨╛╨┐╨╡╤Ç╨░╤é╨╛╤Ç╨╛╨╝ await ╨┤╨╗╤Å ╨╛╨╢╨╕╨┤╨░╨╜╨╕╤Å ╨╜╨╡╨▒╨╗╨╛╨║╨╕╤Ç╤â╤Ä╤ë╨╕╤à ╨▓╤ï╨╖╨╛╨▓╨╛╨▓ API ╨╕╨╗╨╕ ╨╛╨┐╨╡╤Ç╨░╤é╨╛╤Ç╨╛╨╝ await Task.Run(...) ╨┤╨╗╤Å ╨▓╤ï╨┐╨╛╨╗╨╜╨╡╨╜╨╕╤Å ╤ü╨▓╤Å╨╖╨░╨╜╨╜╤ï╤à ╤ü ╨ª╨ƒ ╨╖╨░╨┤╨░╨╜╨╕╨╣ ╨▓ ╤ä╨╛╨╜╨╛╨▓╨╛╨╝ ╨┐╨╛╤é╨╛╨║╨╡. [C:\Users\mikedell\Documents\Projects\BitcoinFinder\BitcoinFinder.csproj]
C:\Users\mikedell\Documents\Projects\BitcoinFinder\DistributedServer.cs(1048,28): warning CS1998: ╨Æ ╨┤╨░╨╜╨╜╨╛╨╝ ╨░╤ü╨╕╨╜╤à╤Ç╨╛╨╜╨╜╨╛╨╝ ╨╝╨╡╤é╨╛╨┤╨╡ ╨╛╤é╤ü╤â╤é╤ü╤é╨▓╤â╤Ä╤é ╨╛╨┐╨╡╤Ç╨░╤é╨╛╤Ç╤ï await, ╨┐╨╛╤ì╤é╨╛╨╝╤â ╨╝╨╡╤é╨╛╨┤ ╨▒╤â╨┤╨╡╤é ╨▓╤ï╨┐╨╛╨╗╨╜╤Å╤é╤î╤ü╤Å ╤ü╨╕╨╜╤à╤Ç╨╛╨╜╨╜╨╛. ╨Æ╨╛╤ü╨┐╨╛╨╗╤î╨╖╤â╨╣╤é╨╡╤ü╤î ╨╛╨┐╨╡╤Ç╨░╤é╨╛╤Ç╨╛╨╝ await ╨┤╨╗╤Å ╨╛╨╢╨╕╨┤╨░╨╜╨╕╤Å ╨╜╨╡╨▒╨╗╨╛╨║╨╕╤Ç╤â╤Ä╤ë╨╕╤à ╨▓╤ï╨╖╨╛╨▓╨╛╨▓ API ╨╕╨╗╨╕ ╨╛╨┐╨╡╤Ç╨░╤é╨╛╤Ç╨╛╨╝ await Task.Run(...) ╨┤╨╗╤Å ╨▓╤ï╨┐╨╛╨╗╨╜╨╡╨╜╨╕╤Å ╤ü╨▓╤Å╨╖╨░╨╜╨╜╤ï╤à ╤ü ╨ª╨ƒ ╨╖╨░╨┤╨░╨╜╨╕╨╣ ╨▓ ╤ä╨╛╨╜╨╛╨▓╨╛╨╝ ╨┐╨╛╤é╨╛╨║╨╡. [C:\Users\mikedell\Documents\Projects\BitcoinFinder\BitcoinFinder.csproj]
C:\Users\mikedell\Documents\Projects\BitcoinFinder\DistributedServer.cs(1107,28): warning CS1998: ╨Æ ╨┤╨░╨╜╨╜╨╛╨╝ ╨░╤ü╨╕╨╜╤à╤Ç╨╛╨╜╨╜╨╛╨╝ ╨╝╨╡╤é╨╛╨┤╨╡ ╨╛╤é╤ü╤â╤é╤ü╤é╨▓╤â╤Ä╤é ╨╛╨┐╨╡╤Ç╨░╤é╨╛╤Ç╤ï await, ╨┐╨╛╤ì╤é╨╛╨╝╤â ╨╝╨╡╤é╨╛╨┤ ╨▒╤â╨┤╨╡╤é ╨▓╤ï╨┐╨╛╨╗╨╜╤Å╤é╤î╤ü╤Å ╤ü╨╕╨╜╤à╤Ç╨╛╨╜╨╜╨╛. ╨Æ╨╛╤ü╨┐╨╛╨╗╤î╨╖╤â╨╣╤é╨╡╤ü╤î ╨╛╨┐╨╡╤Ç╨░╤é╨╛╤Ç╨╛╨╝ await ╨┤╨╗╤Å ╨╛╨╢╨╕╨┤╨░╨╜╨╕╤Å ╨╜╨╡╨▒╨╗╨╛╨║╨╕╤Ç╤â╤Ä╤ë╨╕╤à ╨▓╤ï╨╖╨╛╨▓╨╛╨▓ API ╨╕╨╗╨╕ ╨╛╨┐╨╡╤Ç╨░╤é╨╛╤Ç╨╛╨╝ await Task.Run(...) ╨┤╨╗╤Å ╨▓╤ï╨┐╨╛╨╗╨╜╨╡╨╜╨╕╤Å ╤ü╨▓╤Å╨╖╨░╨╜╨╜╤ï╤à ╤ü ╨ª╨ƒ ╨╖╨░╨┤╨░╨╜╨╕╨╣ ╨▓ ╤ä╨╛╨╜╨╛╨▓╨╛╨╝ ╨┐╨╛╤é╨╛╨║╨╡. [C:\Users\mikedell\Documents\Projects\BitcoinFinder\BitcoinFinder.csproj]
C:\Users\mikedell\Documents\Projects\BitcoinFinder\Form1.cs(20,45): warning CS0649: ╨ƒ╨╛╨╗╤Ä "Form1.agentTimer" ╨╜╨╕╨│╨┤╨╡ ╨╜╨╡ ╨┐╤Ç╨╕╤ü╨▓╨░╨╕╨▓╨░╨╡╤é╤ü╤Å ╨╖╨╜╨░╤ç╨╡╨╜╨╕╨╡, ╨┐╨╛╤ì╤é╨╛╨╝╤â ╨╛╨╜╨╛ ╨▓╤ü╨╡╨│╨┤╨░ ╨▒╤â╨┤╨╡╤é ╨╕╨╝╨╡╤é╤î ╨╖╨╜╨░╤ç╨╡╨╜╨╕╨╡ ╨┐╨╛ ╤â╨╝╨╛╨╗╤ç╨░╨╜╨╕╤Ä null. [C:\Users\mikedell\Documents\Projects\BitcoinFinder\BitcoinFinder.csproj]

╨₧╤ê╨╕╨▒╨║╨░ ╤ü╨▒╨╛╤Ç╨║╨╕.

C:\Users\mikedell\Documents\Projects\BitcoinFinder\AgentTaskExecutor.cs(137,65): warning CS4014: ╨ƒ╨╛╤ü╨║╨╛╨╗╤î╨║╤â ╤ì╤é╨╛╤é ╨▓╤ï╨╖╨╛╨▓ ╨╜╨╡ ╨╛╨╢╨╕╨┤╨░╨╡╤é╤ü╤Å, ╨▓╤ï╨┐╨╛╨╗╨╜╨╡╨╜╨╕╨╡ ╤é╨╡╨║╤â╤ë╨╡╨│╨╛ ╨╝╨╡╤é╨╛╨┤╨░ ╨┐╤Ç╨╛╨┤╨╛╨╗╨╢╨░╨╡╤é╤ü╤Å ╨┤╨╛ ╨╖╨░╨▓╨╡╤Ç╤ê╨╡╨╜╨╕╤Å ╨▓╤ï╨╖╨╛╨▓╨░. ╨ƒ╨╛╨┐╤Ç╨╛╨▒╤â╨╣╤é╨╡ ╨┐╤Ç╨╕╨╝╨╡╨╜╨╕╤é╤î ╨╛╨┐╨╡╤Ç╨░╤é╨╛╤Ç await ╨║ ╤Ç╨╡╨╖╤â╨╗╤î╤é╨░╤é╤â ╨▓╤ï╨╖╨╛╨▓╨░. [C:\Users\mikedell\Documents\Projects\BitcoinFinder\BitcoinFinder.csproj]
C:\Users\mikedell\Documents\Projects\BitcoinFinder\Program.cs(866,64): warning CS8625: ╨¢╨╕╤é╨╡╤Ç╨░╨╗, ╤Ç╨░╨▓╨╜╤ï╨╣ NULL, ╨╜╨╡ ╨╝╨╛╨╢╨╡╤é ╨▒╤ï╤é╤î ╨┐╤Ç╨╡╨╛╨▒╤Ç╨░╨╖╨╛╨▓╨░╨╜ ╨▓ ╤ü╤ü╤ï╨╗╨╛╤ç╨╜╤ï╨╣ ╤é╨╕╨┐, ╨╜╨╡ ╨┤╨╛╨┐╤â╤ü╨║╨░╤Ä╤ë╨╕╨╣ ╨╖╨╜╨░╤ç╨╡╨╜╨╕╨╡ NULL. [C:\Users\mikedell\Documents\Projects\BitcoinFinder\BitcoinFinder.csproj]
C:\Users\mikedell\Documents\Projects\BitcoinFinder\AdvancedSeedPhraseFinder.cs(384,21): warning CS1717: ╨ƒ╤Ç╨╛╨▓╨╡╨┤╨╡╨╜╨╛ ╨┐╤Ç╨╕╤ü╨▓╨╛╨╡╨╜╨╕╨╡ ╤é╨╛╨╣ ╨╢╨╡ ╨┐╨╡╤Ç╨╡╨╝╨╡╨╜╨╜╨╛╨╣; ╨┤╨╡╨╣╤ü╤é╨▓╨╕╤é╨╡╨╗╤î╨╜╨╛ ╨▓╤ï╨┐╨╛╨╗╨╜╨╕╤é╤î ╤é╨░╨║╨╛╨╡ ╨╜╨░╨╖╨╜╨░╤ç╨╡╨╜╨╕╨╡, ╨░ ╨╜╨╡ ╨╕╨╜╨╛╨╡? [C:\Users\mikedell\Documents\Projects\BitcoinFinder\BitcoinFinder.csproj]
C:\Users\mikedell\Documents\Projects\BitcoinFinder\AdvancedSeedPhraseFinder.cs(392,17): warning CS1717: ╨ƒ╤Ç╨╛╨▓╨╡╨┤╨╡╨╜╨╛ ╨┐╤Ç╨╕╤ü╨▓╨╛╨╡╨╜╨╕╨╡ ╤é╨╛╨╣ ╨╢╨╡ ╨┐╨╡╤Ç╨╡╨╝╨╡╨╜╨╜╨╛╨╣; ╨┤╨╡╨╣╤ü╤é╨▓╨╕╤é╨╡╨╗╤î╨╜╨╛ ╨▓╤ï╨┐╨╛╨╗╨╜╨╕╤é╤î ╤é╨░╨║╨╛╨╡ ╨╜╨░╨╖╨╜╨░╤ç╨╡╨╜╨╕╨╡, ╨░ ╨╜╨╡ ╨╕╨╜╨╛╨╡? [C:\Users\mikedell\Documents\Projects\BitcoinFinder\BitcoinFinder.csproj]
C:\Users\mikedell\Documents\Projects\BitcoinFinder\AdvancedSeedPhraseFinder.cs(489,21): warning CS1717: ╨ƒ╤Ç╨╛╨▓╨╡╨┤╨╡╨╜╨╛ ╨┐╤Ç╨╕╤ü╨▓╨╛╨╡╨╜╨╕╨╡ ╤é╨╛╨╣ ╨╢╨╡ ╨┐╨╡╤Ç╨╡╨╝╨╡╨╜╨╜╨╛╨╣; ╨┤╨╡╨╣╤ü╤é╨▓╨╕╤é╨╡╨╗╤î╨╜╨╛ ╨▓╤ï╨┐╨╛╨╗╨╜╨╕╤é╤î ╤é╨░╨║╨╛╨╡ ╨╜╨░╨╖╨╜╨░╤ç╨╡╨╜╨╕╨╡, ╨░ ╨╜╨╡ ╨╕╨╜╨╛╨╡? [C:\Users\mikedell\Documents\Projects\BitcoinFinder\BitcoinFinder.csproj]
C:\Users\mikedell\Documents\Projects\BitcoinFinder\AdvancedSeedPhraseFinder.cs(497,17): warning CS1717: ╨ƒ╤Ç╨╛╨▓╨╡╨┤╨╡╨╜╨╛ ╨┐╤Ç╨╕╤ü╨▓╨╛╨╡╨╜╨╕╨╡ ╤é╨╛╨╣ ╨╢╨╡ ╨┐╨╡╤Ç╨╡╨╝╨╡╨╜╨╜╨╛╨╣; ╨┤╨╡╨╣╤ü╤é╨▓╨╕╤é╨╡╨╗╤î╨╜╨╛ ╨▓╤ï╨┐╨╛╨╗╨╜╨╕╤é╤î ╤é╨░╨║╨╛╨╡ ╨╜╨░╨╖╨╜╨░╤ç╨╡╨╜╨╕╨╡, ╨░ ╨╜╨╡ ╨╕╨╜╨╛╨╡? [C:\Users\mikedell\Documents\Projects\BitcoinFinder\BitcoinFinder.csproj]
C:\Users\mikedell\Documents\Projects\BitcoinFinder\GpuSeedPhrasePlugin.cs(343,66): warning CS1998: ╨Æ ╨┤╨░╨╜╨╜╨╛╨╝ ╨░╤ü╨╕╨╜╤à╤Ç╨╛╨╜╨╜╨╛╨╝ ╨╝╨╡╤é╨╛╨┤╨╡ ╨╛╤é╤ü╤â╤é╤ü╤é╨▓╤â╤Ä╤é ╨╛╨┐╨╡╤Ç╨░╤é╨╛╤Ç╤ï await, ╨┐╨╛╤ì╤é╨╛╨╝╤â ╨╝╨╡╤é╨╛╨┤ ╨▒╤â╨┤╨╡╤é ╨▓╤ï╨┐╨╛╨╗╨╜╤Å╤é╤î╤ü╤Å ╤ü╨╕╨╜╤à╤Ç╨╛╨╜╨╜╨╛. ╨Æ╨╛╤ü╨┐╨╛╨╗╤î╨╖╤â╨╣╤é╨╡╤ü╤î ╨╛╨┐╨╡╤Ç╨░╤é╨╛╤Ç╨╛╨╝ await ╨┤╨╗╤Å ╨╛╨╢╨╕╨┤╨░╨╜╨╕╤Å ╨╜╨╡╨▒╨╗╨╛╨║╨╕╤Ç╤â╤Ä╤ë╨╕╤à ╨▓╤ï╨╖╨╛╨▓╨╛╨▓ API ╨╕╨╗╨╕ ╨╛╨┐╨╡╤Ç╨░╤é╨╛╤Ç╨╛╨╝ await Task.Run(...) ╨┤╨╗╤Å ╨▓╤ï╨┐╨╛╨╗╨╜╨╡╨╜╨╕╤Å ╤ü╨▓╤Å╨╖╨░╨╜╨╜╤ï╤à ╤ü ╨ª╨ƒ ╨╖╨░╨┤╨░╨╜╨╕╨╣ ╨▓ ╤ä╨╛╨╜╨╛╨▓╨╛╨╝ ╨┐╨╛╤é╨╛╨║╨╡. [C:\Users\mikedell\Documents\Projects\BitcoinFinder\BitcoinFinder.csproj]
C:\Users\mikedell\Documents\Projects\BitcoinFinder\ServerForm.cs(315,28): warning CS1998: ╨Æ ╨┤╨░╨╜╨╜╨╛╨╝ ╨░╤ü╨╕╨╜╤à╤Ç╨╛╨╜╨╜╨╛╨╝ ╨╝╨╡╤é╨╛╨┤╨╡ ╨╛╤é╤ü╤â╤é╤ü╤é╨▓╤â╤Ä╤é ╨╛╨┐╨╡╤Ç╨░╤é╨╛╤Ç╤ï await, ╨┐╨╛╤ì╤é╨╛╨╝╤â ╨╝╨╡╤é╨╛╨┤ ╨▒╤â╨┤╨╡╤é ╨▓╤ï╨┐╨╛╨╗╨╜╤Å╤é╤î╤ü╤Å ╤ü╨╕╨╜╤à╤Ç╨╛╨╜╨╜╨╛. ╨Æ╨╛╤ü╨┐╨╛╨╗╤î╨╖╤â╨╣╤é╨╡╤ü╤î ╨╛╨┐╨╡╤Ç╨░╤é╨╛╤Ç╨╛╨╝ await ╨┤╨╗╤Å ╨╛╨╢╨╕╨┤╨░╨╜╨╕╤Å ╨╜╨╡╨▒╨╗╨╛╨║╨╕╤Ç╤â╤Ä╤ë╨╕╤à ╨▓╤ï╨╖╨╛╨▓╨╛╨▓ API ╨╕╨╗╨╕ ╨╛╨┐╨╡╤Ç╨░╤é╨╛╤Ç╨╛╨╝ await Task.Run(...) ╨┤╨╗╤Å ╨▓╤ï╨┐╨╛╨╗╨╜╨╡╨╜╨╕╤Å ╤ü╨▓╤Å╨╖╨░╨╜╨╜╤ï╤à ╤ü ╨ª╨ƒ ╨╖╨░╨┤╨░╨╜╨╕╨╣ ╨▓ ╤ä╨╛╨╜╨╛╨▓╨╛╨╝ ╨┐╨╛╤é╨╛╨║╨╡. [C:\Users\mikedell\Documents\Projects\BitcoinFinder\BitcoinFinder.csproj]
C:\Users\mikedell\Documents\Projects\BitcoinFinder\Program.cs(723,35): warning CS1998: ╨Æ ╨┤╨░╨╜╨╜╨╛╨╝ ╨░╤ü╨╕╨╜╤à╤Ç╨╛╨╜╨╜╨╛╨╝ ╨╝╨╡╤é╨╛╨┤╨╡ ╨╛╤é╤ü╤â╤é╤ü╤é╨▓╤â╤Ä╤é ╨╛╨┐╨╡╤Ç╨░╤é╨╛╤Ç╤ï await, ╨┐╨╛╤ì╤é╨╛╨╝╤â ╨╝╨╡╤é╨╛╨┤ ╨▒╤â╨┤╨╡╤é ╨▓╤ï╨┐╨╛╨╗╨╜╤Å╤é╤î╤ü╤Å ╤ü╨╕╨╜╤à╤Ç╨╛╨╜╨╜╨╛. ╨Æ╨╛╤ü╨┐╨╛╨╗╤î╨╖╤â╨╣╤é╨╡╤ü╤î ╨╛╨┐╨╡╤Ç╨░╤é╨╛╤Ç╨╛╨╝ await ╨┤╨╗╤Å ╨╛╨╢╨╕╨┤╨░╨╜╨╕╤Å ╨╜╨╡╨▒╨╗╨╛╨║╨╕╤Ç╤â╤Ä╤ë╨╕╤à ╨▓╤ï╨╖╨╛╨▓╨╛╨▓ API ╨╕╨╗╨╕ ╨╛╨┐╨╡╤Ç╨░╤é╨╛╤Ç╨╛╨╝ await Task.Run(...) ╨┤╨╗╤Å ╨▓╤ï╨┐╨╛╨╗╨╜╨╡╨╜╨╕╤Å ╤ü╨▓╤Å╨╖╨░╨╜╨╜╤ï╤à ╤ü ╨ª╨ƒ ╨╖╨░╨┤╨░╨╜╨╕╨╣ ╨▓ ╤ä╨╛╨╜╨╛╨▓╨╛╨╝ ╨┐╨╛╤é╨╛╨║╨╡. [C:\Users\mikedell\Documents\Projects\BitcoinFinder\BitcoinFinder.csproj]
C:\Users\mikedell\Documents\Projects\BitcoinFinder\DistributedServer.cs(1048,28): warning CS1998: ╨Æ ╨┤╨░╨╜╨╜╨╛╨╝ ╨░╤ü╨╕╨╜╤à╤Ç╨╛╨╜╨╜╨╛╨╝ ╨╝╨╡╤é╨╛╨┤╨╡ ╨╛╤é╤ü╤â╤é╤ü╤é╨▓╤â╤Ä╤é ╨╛╨┐╨╡╤Ç╨░╤é╨╛╤Ç╤ï await, ╨┐╨╛╤ì╤é╨╛╨╝╤â ╨╝╨╡╤é╨╛╨┤ ╨▒╤â╨┤╨╡╤é ╨▓╤ï╨┐╨╛╨╗╨╜╤Å╤é╤î╤ü╤Å ╤ü╨╕╨╜╤à╤Ç╨╛╨╜╨╜╨╛. ╨Æ╨╛╤ü╨┐╨╛╨╗╤î╨╖╤â╨╣╤é╨╡╤ü╤î ╨╛╨┐╨╡╤Ç╨░╤é╨╛╤Ç╨╛╨╝ await ╨┤╨╗╤Å ╨╛╨╢╨╕╨┤╨░╨╜╨╕╤Å ╨╜╨╡╨▒╨╗╨╛╨║╨╕╤Ç╤â╤Ä╤ë╨╕╤à ╨▓╤ï╨╖╨╛╨▓╨╛╨▓ API ╨╕╨╗╨╕ ╨╛╨┐╨╡╤Ç╨░╤é╨╛╤Ç╨╛╨╝ await Task.Run(...) ╨┤╨╗╤Å ╨▓╤ï╨┐╨╛╨╗╨╜╨╡╨╜╨╕╤Å ╤ü╨▓╤Å╨╖╨░╨╜╨╜╤ï╤à ╤ü ╨ª╨ƒ ╨╖╨░╨┤╨░╨╜╨╕╨╣ ╨▓ ╤ä╨╛╨╜╨╛╨▓╨╛╨╝ ╨┐╨╛╤é╨╛╨║╨╡. [C:\Users\mikedell\Documents\Projects\BitcoinFinder\BitcoinFinder.csproj]
C:\Users\mikedell\Documents\Projects\BitcoinFinder\DistributedServer.cs(1107,28): warning CS1998: ╨Æ ╨┤╨░╨╜╨╜╨╛╨╝ ╨░╤ü╨╕╨╜╤à╤Ç╨╛╨╜╨╜╨╛╨╝ ╨╝╨╡╤é╨╛╨┤╨╡ ╨╛╤é╤ü╤â╤é╤ü╤é╨▓╤â╤Ä╤é ╨╛╨┐╨╡╤Ç╨░╤é╨╛╤Ç╤ï await, ╨┐╨╛╤ì╤é╨╛╨╝╤â ╨╝╨╡╤é╨╛╨┤ ╨▒╤â╨┤╨╡╤é ╨▓╤ï╨┐╨╛╨╗╨╜╤Å╤é╤î╤ü╤Å ╤ü╨╕╨╜╤à╤Ç╨╛╨╜╨╜╨╛. ╨Æ╨╛╤ü╨┐╨╛╨╗╤î╨╖╤â╨╣╤é╨╡╤ü╤î ╨╛╨┐╨╡╤Ç╨░╤é╨╛╤Ç╨╛╨╝ await ╨┤╨╗╤Å ╨╛╨╢╨╕╨┤╨░╨╜╨╕╤Å ╨╜╨╡╨▒╨╗╨╛╨║╨╕╤Ç╤â╤Ä╤ë╨╕╤à ╨▓╤ï╨╖╨╛╨▓╨╛╨▓ API ╨╕╨╗╨╕ ╨╛╨┐╨╡╤Ç╨░╤é╨╛╤Ç╨╛╨╝ await Task.Run(...) ╨┤╨╗╤Å ╨▓╤ï╨┐╨╛╨╗╨╜╨╡╨╜╨╕╤Å ╤ü╨▓╤Å╨╖╨░╨╜╨╜╤ï╤à ╤ü ╨ª╨ƒ ╨╖╨░╨┤╨░╨╜╨╕╨╣ ╨▓ ╤ä╨╛╨╜╨╛╨▓╨╛╨╝ ╨┐╨╛╤é╨╛╨║╨╡. [C:\Users\mikedell\Documents\Projects\BitcoinFinder\BitcoinFinder.csproj]
C:\Users\mikedell\Documents\Projects\BitcoinFinder\Form1.cs(20,45): warning CS0649: ╨ƒ╨╛╨╗╤Ä "Form1.agentTimer" ╨╜╨╕╨│╨┤╨╡ ╨╜╨╡ ╨┐╤Ç╨╕╤ü╨▓╨░╨╕╨▓╨░╨╡╤é╤ü╤Å ╨╖╨╜╨░╤ç╨╡╨╜╨╕╨╡, ╨┐╨╛╤ì╤é╨╛╨╝╤â ╨╛╨╜╨╛ ╨▓╤ü╨╡╨│╨┤╨░ ╨▒╤â╨┤╨╡╤é ╨╕╨╝╨╡╤é╤î ╨╖╨╜╨░╤ç╨╡╨╜╨╕╨╡ ╨┐╨╛ ╤â╨╝╨╛╨╗╤ç╨░╨╜╨╕╤Ä null. [C:\Users\mikedell\Documents\Projects\BitcoinFinder\BitcoinFinder.csproj]
C:\Users\mikedell\Documents\Projects\BitcoinFinder\AdvancedSeedPhraseFinder.cs(606,39): error CS0266: ╨¥╨╡ ╤â╨┤╨░╨╡╤é╤ü╤Å ╨╜╨╡╤Å╨▓╨╜╨╛ ╨┐╤Ç╨╡╨╛╨▒╤Ç╨░╨╖╨╛╨▓╨░╤é╤î ╤é╨╕╨┐ "System.Numerics.BigInteger" ╨▓ "long". ╨í╤â╤ë╨╡╤ü╤é╨▓╤â╨╡╤é ╤Å╨▓╨╜╨╛╨╡ ╨┐╤Ç╨╡╨╛╨▒╤Ç╨░╨╖╨╛╨▓╨░╨╜╨╕╨╡ (╨▓╨╛╨╖╨╝╨╛╨╢╨╜╨╛, ╨┐╤Ç╨╛╨┐╤â╤ë╨╡╨╜╨╛ ╨┐╤Ç╨╕╨▓╨╡╨┤╨╡╨╜╨╕╨╡ ╤é╨╕╨┐╨╛╨▓). [C:\Users\mikedell\Documents\Projects\BitcoinFinder\BitcoinFinder.csproj]
C:\Users\mikedell\Documents\Projects\BitcoinFinder\AdvancedSeedPhraseFinder.cs(607,37): error CS0266: ╨¥╨╡ ╤â╨┤╨░╨╡╤é╤ü╤Å ╨╜╨╡╤Å╨▓╨╜╨╛ ╨┐╤Ç╨╡╨╛╨▒╤Ç╨░╨╖╨╛╨▓╨░╤é╤î ╤é╨╕╨┐ "System.Numerics.BigInteger" ╨▓ "long". ╨í╤â╤ë╨╡╤ü╤é╨▓╤â╨╡╤é ╤Å╨▓╨╜╨╛╨╡ ╨┐╤Ç╨╡╨╛╨▒╤Ç╨░╨╖╨╛╨▓╨░╨╜╨╕╨╡ (╨▓╨╛╨╖╨╝╨╛╨╢╨╜╨╛, ╨┐╤Ç╨╛╨┐╤â╤ë╨╡╨╜╨╛ ╨┐╤Ç╨╕╨▓╨╡╨┤╨╡╨╜╨╕╨╡ ╤é╨╕╨┐╨╛╨▓). [C:\Users\mikedell\Documents\Projects\BitcoinFinder\BitcoinFinder.csproj]
C:\Users\mikedell\Documents\Projects\BitcoinFinder\AdvancedSeedPhraseFinder.cs(611,41): error CS0029: ╨¥╨╡ ╤â╨┤╨░╨╡╤é╤ü╤Å ╨╜╨╡╤Å╨▓╨╜╨╛ ╨┐╤Ç╨╡╨╛╨▒╤Ç╨░╨╖╨╛╨▓╨░╤é╤î ╤é╨╕╨┐ "System.TimeSpan" ╨▓ "long". [C:\Users\mikedell\Documents\Projects\BitcoinFinder\BitcoinFinder.csproj]
C:\Users\mikedell\Documents\Projects\BitcoinFinder\Form1.cs(827,24): error CS1061: "DistributedAgentClient" ╨╜╨╡ ╤ü╨╛╨┤╨╡╤Ç╨╢╨╕╤é ╨╛╨┐╤Ç╨╡╨┤╨╡╨╗╨╡╨╜╨╕╤Å "OnTaskCompleted", ╨╕ ╨╜╨╡ ╤â╨┤╨░╨╗╨╛╤ü╤î ╨╜╨░╨╣╤é╨╕ ╨┤╨╛╤ü╤é╤â╨┐╨╜╤ï╨╣ ╨╝╨╡╤é╨╛╨┤ ╤Ç╨░╤ü╤ê╨╕╤Ç╨╡╨╜╨╕╤Å "OnTaskCompleted", ╨┐╤Ç╨╕╨╜╨╕╨╝╨░╤Ä╤ë╨╕╨╣ ╤é╨╕╨┐ "DistributedAgentClient" ╨▓ ╨║╨░╤ç╨╡╤ü╤é╨▓╨╡ ╨┐╨╡╤Ç╨▓╨╛╨│╨╛ ╨░╤Ç╨│╤â╨╝╨╡╨╜╤é╨░ (╨▓╨╛╨╖╨╝╨╛╨╢╨╜╨╛, ╨┐╤Ç╨╛╨┐╤â╤ë╨╡╨╜╨░ ╨┤╨╕╤Ç╨╡╨║╤é╨╕╨▓╨░ using ╨╕╨╗╨╕ ╤ü╤ü╤ï╨╗╨║╨░ ╨╜╨░ ╤ü╨▒╨╛╤Ç╨║╤â). [C:\Users\mikedell\Documents\Projects\BitcoinFinder\BitcoinFinder.csproj]
C:\Users\mikedell\Documents\Projects\BitcoinFinder\Form1.cs(838,30): error CS1061: "DistributedAgentClient" ╨╜╨╡ ╤ü╨╛╨┤╨╡╤Ç╨╢╨╕╤é ╨╛╨┐╤Ç╨╡╨┤╨╡╨╗╨╡╨╜╨╕╤Å "ConnectAndStartWorkAsync", ╨╕ ╨╜╨╡ ╤â╨┤╨░╨╗╨╛╤ü╤î ╨╜╨░╨╣╤é╨╕ ╨┤╨╛╤ü╤é╤â╨┐╨╜╤ï╨╣ ╨╝╨╡╤é╨╛╨┤ ╤Ç╨░╤ü╤ê╨╕╤Ç╨╡╨╜╨╕╤Å "ConnectAndStartWorkAsync", ╨┐╤Ç╨╕╨╜╨╕╨╝╨░╤Ä╤ë╨╕╨╣ ╤é╨╕╨┐ "DistributedAgentClient" ╨▓ ╨║╨░╤ç╨╡╤ü╤é╨▓╨╡ ╨┐╨╡╤Ç╨▓╨╛╨│╨╛ ╨░╤Ç╨│╤â╨╝╨╡╨╜╤é╨░ (╨▓╨╛╨╖╨╝╨╛╨╢╨╜╨╛, ╨┐╤Ç╨╛╨┐╤â╤ë╨╡╨╜╨░ ╨┤╨╕╤Ç╨╡╨║╤é╨╕╨▓╨░ using ╨╕╨╗╨╕ ╤ü╤ü╤ï╨╗╨║╨░ ╨╜╨░ ╤ü╨▒╨╛╤Ç╨║╤â). [C:\Users\mikedell\Documents\Projects\BitcoinFinder\BitcoinFinder.csproj]
    ╨ƒ╤Ç╨╡╨┤╤â╨┐╤Ç╨╡╨╢╨┤╨╡╨╜╨╕╨╣: 12
    ╨₧╤ê╨╕╨▒╨╛╨║: 5

╨ƒ╤Ç╨╛╤ê╨╗╨╛ ╨▓╤Ç╨╡╨╝╨╡╨╜╨╕ 00:00:02.97
